bat BAD
chm BAD
com BAD
exe BAD
hta BAD|NZ
iso BAD
jar BAD|NZ
lnk BAD
scr BAD
htm text/html|BAD
html text/html|BAD
shtm text/html|BAD
shtml text/html|BAD
ace BAD|AR
arj BAD|AR
asx BAD
cab BAD|AR
sfx BAD
vst BAD
vss BAD
ade BAD
adp BAD
cmd BAD
cpl BAD
ins BAD
isp BAD
js BAD|NZ
jse BAD
lib BAD
mde BAD
msc BAD
msi BAD
msp BAD
mst BAD
nsh BAD
pif BAD
sct BAD
shb BAD
sys BAD
vb BAD
vbe BAD
vbs BAD|NZ
vxd BAD
wsc BAD
wsh BAD
app BAD
asp BAD
bas BAD
cnt BAD
csh BAD
diagcab BAD
fxp BAD
gadget BAD
grp BAD
hlp BAD
hpj BAD
inf BAD
its BAD
jnlp BAD
ksh BAD
mad BAD
maf BAD
mag BAD
mam BAD
maq BAD
mar BAD
mas BAD
mat BAD
mau BAD
mav BAD
maw BAD
mcf BAD
mda BAD
mdb BAD
mdt BAD
mdw BAD
mdz BAD
msh BAD
msh1 BAD
msh2 BAD
mshxml BAD
msh1xml BAD
msh2xml BAD
msu BAD
ops BAD
osd BAD
pcd BAD
pl BAD
plg BAD
prf BAD
prg BAD
printerexport BAD
ps1 BAD
ps1xml BAD
ps2 BAD
ps2xml BAD
psc1 BAD
psc2 BAD
psd1 BAD
psdm1 BAD
pst BAD
reg BAD
scf BAD
shs BAD
theme BAD
url BAD
vbp BAD
vsmacros BAD
vsw BAD
webpnp BAD
website BAD
ws BAD
xbap BAD
xll BAD
xnk BAD
docx NZ
pdf application/pdf|application/x-pdf|NZ
pptx NZ
wsf NZ
xlsx NZ
7x AR
alz AR
bz2 AR
egg AR
lz AR
rar AR
xz AR
zip AR
txt text/plain|message/disposition-notification|text/rfc822-headers
