ABUSE_SURBL 5.0
ALLOWLIST_DKIM -1.0
ALLOWLIST_DMARC -7.0
ALLOWLIST_SPF -1.0
ALLOWLIST_SPF_DKIM -3.0
ARC_ALLOW -1.0
ARC_DNSFAIL 0.0
ARC_INVALID 0.5
ARC_NA 0.0
ARC_REJECT 1.0
ARC_SIGNED 0.0
AUTH_NA 1.0
AUTH_NA_OR_FAIL 1.0
AUTOGEN_PHP_SPAMMY 1.0
BAYES_HAM -3.0
BAYES_SPAM 5.1
BLOCKLIST_DKIM 2.0
BLOCKLIST_DMARC 6.0
BLOCKLIST_SPF 1.0
BLOCKLIST_SPF_DKIM 3.0
BODY_URI_ONLY 2.0
BOGUS_ENCRYPTED_AND_TEXT 10.0
BOUNCE -0.1
BOUNCE_NO_AUTH 1.0
BROKEN_CONTENT_TYPE 1.5
COMPROMISED_ACCT_BULK 3.0
CRACKED_SURBL 5.0
CTE_CASE 0.5
CTYPE_MISSING_DISPOSITION 4.0
CTYPE_MIXED_BOGUS 1.0
CT_EXTRA_SEMI 1.0
DATA_URI_OBFU 2.0
DATE_IN_FUTURE 4.0
DATE_IN_PAST 1.0
DBL_ABUSE 5.0
DBL_ABUSE_BOTNET 6.5
DBL_ABUSE_MALWARE 6.5
DBL_ABUSE_PHISH 6.5
DBL_ABUSE_REDIR 5.0
DBL_BLOCKED 0.0
DBL_BLOCKED_OPENRESOLVER 0.0
DBL_BOTNET 7.5
DBL_MALWARE 7.5
DBL_PHISH 7.5
DBL_SPAM 6.5
DCC_BULK 3.0
DIRECT_TO_MX 0.0
DISPOSABLE_CC 0.0
DISPOSABLE_ENVFROM 0.0
DISPOSABLE_FROM 0.0
DISPOSABLE_REPLYTO 0.0
DISPOSABLE_TO 0.0
DKIM_SIGNED 0.0
DMARC_BAD_POLICY 0.5
DMARC_DNSFAIL 0.0
DMARC_NA 0.0
DMARC_POLICY_ALLOW -0.5
DMARC_POLICY_ALLOW_WITH_FAILURES 0.0
DMARC_POLICY_QUARANTINE 1.5
DMARC_POLICY_REJECT 2.0
DMARC_POLICY_SOFTFAIL 0.1
DNSWL_BLOCKED 0.0
DWL_DNSWL_BLOCKED 0.0
DWL_DNSWL_HI -3.5
DWL_DNSWL_LOW -1.0
DWL_DNSWL_MED -2.0
DWL_DNSWL_NONE 0.0
EMPTY_SUBJECT 1.0
ENCRYPTED_PGP -0.5
ENCRYPTED_SMIME -0.5
ENVFROM_INVALID 2.0
ENVFROM_SERVICE_ACCT 1.0
EXT_CSS 1.0
FAKE_REPLY 1.0
FORGED_RCVD_TRAIL 1.0
FORGED_RECIPIENTS 2.0
FORGED_RECIPIENTS_MAILLIST 0.0
FORGED_SENDER 0.3
FORGED_SENDER_MAILLIST 0.0
FREEMAIL_AFF 4.0
FREEMAIL_CC 0.0
FREEMAIL_ENVFROM 0.0
FREEMAIL_FROM 0.0
FREEMAIL_REPLYTO 0.0
FREEMAIL_REPLYTO_NEQ_FROM_DOM 3.0
FREEMAIL_TO 0.0
FROM_DN_EQ_ADDR 1.0
FROM_EQ_ENVFROM 0.0
FROM_EXCESS_BASE64 1.5
FROM_EXCESS_QP 1.2
FROM_HAS_DN 0.0
FROM_INVALID 2.0
FROM_NAME_EXCESS_SPACE 1.0
FROM_NAME_HAS_TITLE 1.0
FROM_NEEDS_ENCODING 1.0
FROM_NEQ_DISPLAY_NAME 4.0
FROM_NEQ_ENVFROM 0.0
FROM_NO_DN 0.0
FROM_SERVICE_ACCT 1.0
HACKED_WP_PHISHING 4.5
HAS_ANON_DOMAIN 0.1
HAS_ATTACHMENT 0.0
HAS_DATA_URI 0.0
HAS_GOOGLE_FIREBASE_URL 2.0
HAS_GOOGLE_REDIR 1.0
HAS_GUC_PROXY_URI 1.0
HAS_IPFS_GATEWAY_URL 6.0
HAS_LIST_UNSUB -0.01
HAS_ONION_URI 0.0
HAS_ORG_HEADER 0.0
HAS_PHPMAILER_SIG 0.0
HAS_REPLYTO 0.0
HAS_WP_URI 0.0
HAS_XAW 0.0
HAS_XOIP 0.0
HAS_X_ANTIABUSE 0.0
HAS_X_AS 0.0
HAS_X_GMSV 0.0
HAS_X_PHP_SCRIPT 0.0
HAS_X_POS 0.0
HAS_X_PRIO_FIVE 0.0
HAS_X_PRIO_ONE 0.0
HAS_X_PRIO_THREE 0.0
HAS_X_PRIO_TWO 0.0
HAS_X_PRIO_ZERO 0.0
HAS_X_SOURCE 0.0
HEADER_EMPTY_DELIMITER 1.0
HEADER_FORGED_MDN 2.0
HEADER_RCONFIRM_MISMATCH 2.0
FROMHOST_NORES_A_OR_MX 1.5
FROM_BOUNCE 0.0
HELO_BAREIP 3.0
HELO_IP_A 1.0
HELO_NORES_A_OR_MX 0.3
HELO_NOT_FQDN 2.0
HELO_IPREV_MISMATCH 1.0
RCPT_BOUNCEMOREONE 1.5
URL_ONLY 2.2
HIDDEN_SOURCE_OBJ 2.0
HTML_META_REFRESH_URL 5.0
HTML_SHORT_LINK_IMG_1 2.0
HTML_SHORT_LINK_IMG_2 1.0
HTML_SHORT_LINK_IMG_3 0.5
HTML_TEXT_IMG_RATIO 1.0
HTML_UNBALANCED_TAG 0.5
HTTP_TO_HTTPS 0.5
HTTP_TO_IP 1.0
INFO_TO_INFO_LU 2.0
INVALID_DATE 1.5
INVALID_FROM_8BIT 6.0
INVALID_MSGID 1.7
KLMS_SPAM 5.0
LONG_SUBJ 3.0
MAILLIST -0.2
MANY_INVISIBLE_PARTS 1.0
MID_BARE_IP 2.0
MID_CONTAINS_FROM 1.0
MID_CONTAINS_TO 1.0
MID_MISSING_BRACKETS 1.0
MID_RHS_IP_LITERAL 1.0
MID_RHS_MATCH_FROM 1.0
MID_RHS_MATCH_FROMTLD 1.0
MID_RHS_MATCH_TO 1.0
MID_RHS_NOT_FQDN 0.5
MID_RHS_WWW 0.5
MIME_ARCHIVE_IN_ARCHIVE 5.0
MIME_BAD 1.0
MIME_BAD_ATTACHMENT 4.0
MIME_BAD_EXTENSION 2.0
MIME_BAD_UNICODE 8.0
MIME_BASE64_TEXT 0.1
MIME_BASE64_TEXT_BOGUS 1.0
MIME_DOUBLE_BAD_EXTENSION 2.0
MIME_GOOD -0.1
MIME_HEADER_CTYPE_ONLY 2.0
MIME_HTML_ONLY 0.2
MIME_MA_MISSING_HTML 1.0
MIME_MA_MISSING_TEXT 2.0
MISSING_DATE 1.0
MISSING_FROM 2.0
MISSING_MID 2.5
MISSING_MIME_VERSION 2.0
MISSING_SUBJECT 2.0
MISSING_TO 2.0
MSBL_EBL 7.5
MSBL_EBL_GREY 0.5
MULTIPLE_FROM 8.0
MULTIPLE_UNIQUE_HEADERS 7.0
MV_CASE 0.5
MW_SURBL_MULTI 7.5
HOMOGRAPH_URL 5.0
ONCE_RECEIVED 0.1
PHISHED_OPENPHISH 7.0
PHISHED_PHISHTANK 7.0
PHISHING 4.0
PHISH_EMOTION 1.0
PHP_XPS_PATTERN 0.0
PH_SURBL_MULTI 7.5
PRECEDENCE_BULK 0.0
PREVIOUSLY_DELIVERED 0.0
PYZOR 3.5
RBL_BARRACUDA 4.0
RBL_BLOCKLISTDE 4.0
RBL_MAILSPIKE_BAD 1.0
RBL_MAILSPIKE_VERYBAD 1.5
RBL_MAILSPIKE_WORST 2.0
RBL_NIXSPAM 4.0
RBL_SEM 1.0
RBL_SEM_IPV6 1.0
RBL_SENDERSCORE 2.0
RBL_SPAMCOP 4.0
RBL_SPAMHAUS 0.0
RBL_SPAMHAUS_BLOCKED 0.0
RBL_SPAMHAUS_BLOCKED_OPENRESOLVER 0.0
RBL_SPAMHAUS_CSS 2.0
RBL_SPAMHAUS_DROP 7.0
RBL_SPAMHAUS_PBL 2.0
RBL_SPAMHAUS_SBL 4.0
RBL_SPAMHAUS_XBL 4.0
RBL_VIRUSFREE_BOTNET 2.0
RCPT_ADDR_IN_SUBJECT 3.0
RCPT_COUNT_FIVE 0.0
RCPT_COUNT_GT_50 0.0
RCPT_COUNT_ONE 0.0
RCPT_COUNT_SEVEN 0.0
RCPT_COUNT_THREE 0.0
RCPT_COUNT_TWELVE 0.0
RCPT_COUNT_TWO 0.0
RCPT_COUNT_ZERO 0.0
RCPT_LOCAL_IN_SUBJECT 2.0
RCVD_COUNT_FIVE 0.0
RCVD_COUNT_ONE 0.0
RCVD_COUNT_SEVEN 0.0
RCVD_COUNT_THREE 0.0
RCVD_COUNT_TWELVE 0.0
RCVD_COUNT_TWO 0.0
RCVD_COUNT_ZERO 0.0
RCVD_DKIM_ARC_DNSWL_HI -1.0
RCVD_DKIM_ARC_DNSWL_MED -0.5
RCVD_DOUBLE_IP_SPAM 2.0
RCVD_FROM_SMTP_AUTH 0.0
RCVD_HELO_USER 3.0
RCVD_ILLEGAL_CHARS 4.0
RCVD_IN_DNSWL_HI -0.5
RCVD_IN_DNSWL_LOW -0.1
RCVD_IN_DNSWL_MED -0.2
RCVD_IN_DNSWL_NONE 0.0
RCVD_NO_TLS_LAST 0.1
RCVD_TLS_ALL 0.0
RCVD_TLS_LAST 0.0
RCVD_UNAUTH_PBL 2.0
RCVD_VIA_SMTP_AUTH 0.0
RDNS_DNSFAIL 0.0
RDNS_NONE 1.0
RECEIVED_BLOCKLISTDE 3.0
RECEIVED_SPAMHAUS_BLOCKED 0.0
RECEIVED_SPAMHAUS_BLOCKED_OPENRESOLVER 0.0
RECEIVED_SPAMHAUS_CSS 1.0
RECEIVED_SPAMHAUS_PBL 0.0
RECEIVED_SPAMHAUS_SBL 3.0
RECEIVED_SPAMHAUS_XBL 1.0
REDIRECTOR_URL 0.0
REDIRECTOR_URL_ONLY 1.0
REPLYTO_ADDR_EQ_FROM 0.0
REPLYTO_DN_EQ_FROM_DN 0.0
REPLYTO_DOM_EQ_FROM_DOM 0.0
REPLYTO_DOM_NEQ_FROM_DOM 0.0
REPLYTO_EMAIL_HAS_TITLE 2.0
REPLYTO_EQ_FROM 0.0
REPLYTO_EQ_TO_ADDR 5.0
REPLYTO_EXCESS_BASE64 1.5
REPLYTO_EXCESS_QP 1.2
REPLYTO_UNPARSEABLE 1.0
RWL_MAILSPIKE_EXCELLENT -0.4
RWL_MAILSPIKE_GOOD -0.1
RWL_MAILSPIKE_NEUTRAL 0.0
RWL_MAILSPIKE_POSSIBLE 0.0
RWL_MAILSPIKE_VERYGOOD -0.2
R_BAD_CTE_7BIT 3.5
DKIM_ALLOW -0.2
DKIM_NA 0.0
DKIM_PERMFAIL 0.0
DKIM_REJECT 1.0
DKIM_TEMPFAIL 0.0
R_MISSING_CHARSET 0.5
R_MIXED_CHARSET 5.0
MIXED_CHARSET_URL 7.0
R_NO_SPACE_IN_FROM 1.0
R_PARTS_DIFFER 1.0
SPF_ALLOW -0.2
SPF_DNSFAIL 0.0
SPF_FAIL 1.0
SPF_NA 0.0
SPF_NEUTRAL 0.0
SPF_PERMFAIL 0.0
SPF_SOFTFAIL 0.0
R_SUSPICIOUS_URL 5.0
R_UNDISC_RCPT 3.0
SEM_URIBL 3.5
SEM_URIBL_FRESH15 3.0
SIGNED_PGP -2.0
SIGNED_SMIME -2.0
SORTED_RECIPS 3.5
SPAM_FLAG 5.0
SPAM_TRAP discard
SPOOF_DISPLAY_NAME 8.0
SPOOF_REPLYTO 6.0
SUBJECT_ENDS_EXCLAIM 0.0
SUBJECT_ENDS_QUESTION 1.0
SUBJECT_ENDS_SPACES 0.5
SUBJECT_HAS_CURRENCY 1.0
SUBJECT_HAS_EXCLAIM 0.0
SUBJECT_HAS_QUESTION 0.0
SUBJECT_NEEDS_ENCODING 1.0
SUBJ_ALL_CAPS 3.0
SUBJ_BOUNCE_WORDS 0.0
SUBJ_EXCESS_BASE64 1.5
SUBJ_EXCESS_QP 1.2
SURBL_BLOCKED 0.0
SURBL_HASHBL_ABUSE 5.0
SURBL_HASHBL_CRACKED 5.0
SURBL_HASHBL_EMAIL 5.0
SURBL_HASHBL_MALWARE 6.5
SURBL_HASHBL_PHISH 6.5
SUSPICIOUS_RECIPS 1.5
TAGGED_FROM 0.0
TAGGED_RCPT 0.0
THREAD_HIJACKING_FROM_INJECTOR 2.0
TO_DN_ALL 0.0
TO_DN_EQ_ADDR_ALL 0.0
TO_DN_EQ_ADDR_SOME 0.0
TO_DN_NONE 0.0
TO_DN_RECIPIENTS 2.0
TO_DN_SOME 0.0
TO_DOM_EQ_FROM_DOM 0.0
TO_EQ_FROM 0.0
TO_EXCESS_BASE64 1.5
TO_EXCESS_QP 1.2
TO_MATCH_ENVRCPT_ALL 0.0
TO_MATCH_ENVRCPT_SOME 0.0
TO_NEEDS_ENCODING 1.0
TO_WRAPPED_IN_SPACES 2.0
TRUSTED_REPLY -7.0
UNDISC_RCPTS_BULK 3.0
UNITEDINTERNET_SPAM 5.0
URIBL_BLACK 7.5
URIBL_BLOCKED 0.0
URIBL_GREY 1.5
URIBL_RED 3.5
URI_COUNT_ODD 1.0
URI_HIDDEN_PATH 1.0
URL_IN_SUBJECT 4.0
URL_REDIRECTOR_NESTED 1.0
VIOLATED_DIRECT_SPF 3.5
WP_COMPROMISED 0.0
WWW_DOT_DOMAIN 0.5
XM_CASE 0.5
XM_UA_NO_VERSION 0.01
X_PHP_EVAL 4.0
ZERO_WIDTH_SPACE_URL 7.0
