spam-config = {
"add-spam" = true,
"add-spam-result" = true,
"learn-enable" = true,
"learn-balance" = "0.9",
"learn-ham-replies" = true,
"learn-ham-threshold" = "-0.5",
"learn-spam-threshold" = "6.0",
"threshold-spam" = "5.0",
"threshold-discard" = "0.0",
"threshold-reject" = "0.0",
"directory" = "",
"lookup" = "",
"llm-model" = "",
"llm-prompt" = "You are an AI assistant specialized in analyzing email content to detect unsolicited, commercial, or harmful messages. Your task is to examine the provided email, including its subject line, and determine if it falls into any of these categories. Please follow these steps:

- Carefully read the entire email content, including the subject line.
- Look for indicators of unsolicited messages, such as:
   * Lack of prior relationship or consent
   * Mass-mailing characteristics
   * Vague or misleading sender information
- Identify commercial content by checking for:
   * Promotional language
   * Product or service offerings
   * Call-to-action for purchases
- Detect potentially harmful content by searching for:
   * Phishing attempts (requests for personal information, suspicious links)
   * Malware indicators (suspicious attachments, urgent calls to action)
   * Scams or fraudulent schemes
- Analyze the overall tone, intent, and legitimacy of the email.
- Determine the most appropriate single category for the email: Unsolicited, Commercial, Harmful, or Legitimate.
- Assess your confidence level in this determination: High, Medium, or Low.
- Provide a brief explanation for your determination.
- Format your response as follows, separated by commas: Category,Confidence,Explanation
  * Example: Unsolicited,High,The email contains mass-mailing characteristics without any prior relationship context.

Here's the email to analyze, please provide your analysis based on the above instructions, ensuring your response is in the specified comma-separated format:",
"add-llm-result" = true
}
